
> todo_app@0.0.1 test
> jest

node.exe : FAIL src/users
/users.service.spec.ts
At line:1 char:1
+ & "C:\Program 
Files\nodejs/node.exe" "C
:\Users\User\AppData\Roam
ing\n ...
+ ~~~~~~~~~~~~~~~~~~~~~~~
~~~~~~~~~~~~~~~~~~~~~~~~~
~~~~~~~~~~~~~~~~~~~~~
    + CategoryInfo       
       : NotSpecified:   
  (FAIL src/users/user   
 s.service.spec.ts:St    
ring) [], RemoteExce    
ption
    + FullyQualifiedErro 
   rId : NativeCommandE  
  rror
 
  ΓùÅ Test suite failed 
to run

    Cannot find module 's
rc/database/database.serv
ice' from 
'users/users.service.ts'

    Require stack:
      
users/users.service.ts
      users/users.service
.spec.ts

    [0m [90m 4 |[39m  
 [33mNotFoundException[
39m[33m,[39m
     [90m 5 |[39m } 
[36mfrom[39m [32m'@nes
tjs/common'[39m[33m;[3
9m
    [31m[1m>[22m[39m
[90m 6 |[39m 
[36mimport[39m { 
[33mDbService[39m } 
[36mfrom[39m [32m'src/
database/database.service
'[39m[33m;[39m
     [90m   |[39m 
[31m[1m^[22m[39m
     [90m 7 |[39m 
[36mimport[39m { 
[33mCreateUserDto[39m 
} [36mfrom[39m [32m'./
dto/createUserDto.dto'[3
9m[33m;[39m
     [90m 8 |[39m 
[36mimport[39m { [33mR
esponseUserDto[39m } 
[36mfrom[39m [32m'./dt
o/responseUserDto.dto'[3
9m[33m;[39m
     [90m 9 |[39m 
[36mimport[39m 
[33m*[39m [36mas[39m 
bcrypt [36mfrom[39m [3
2m'bcrypt'[39m[33m;[39
m[0m

      at Resolver._throwM
odNotFoundError (../node_
modules/jest-resolve/buil
d/index.js:863:11)
      at 
Object.<anonymous> (users
/users.service.ts:6:1)
      at 
Object.<anonymous> (users
/users.service.spec.ts:2:
1)

FAIL src/todos/todos.serv
ice.spec.ts
  ΓùÅ Test suite failed 
to run

    Cannot find module 's
rc/database/database.serv
ice' from 
'todos/todos.service.ts'

    Require stack:
      
todos/todos.service.ts
      todos/todos.service
.spec.ts

    [0m [90m 1 |[39m 
[36mimport[39m { [33mI
njectable[39m[33m,[39m
 [33mNotFoundException[
39m } [36mfrom[39m [32
m'@nestjs/common'[39m[3
3m;[39m
    [31m[1m>[22m[39m
[90m 2 |[39m 
[36mimport[39m { 
[33mDbService[39m } 
[36mfrom[39m [32m'src/
database/database.service
'[39m[33m;[39m
     [90m   |[39m 
[31m[1m^[22m[39m
     [90m 3 |[39m 
[36mimport[39m { [33mR
esponseTodoDto[39m } 
[36mfrom[39m [32m'./dt
o/responseTodoDto.dto'[3
9m[33m;[39m
     [90m 4 |[39m 
[36mimport[39m { 
[33mCreateTodoDto[39m 
} [36mfrom[39m [32m'./
dto/createTodoDto.dto'[3
9m[33m;[39m
     [90m 5 |[39m 
[36mimport[39m { 
[33mUpdateTodoDto[39m 
} [36mfrom[39m [32m'./
dto/updateTodoDto.dto'[3
9m[33m;[39m[0m

      at Resolver._throwM
odNotFoundError (../node_
modules/jest-resolve/buil
d/index.js:863:11)
      at 
Object.<anonymous> (todos
/todos.service.ts:2:1)
      at 
Object.<anonymous> (todos
/todos.service.spec.ts:2:
1)

FAIL src/post_reaction/po
st_reaction.service.spec.
ts
  ΓùÅ Test suite failed 
to run

    Cannot find module 's
rc/database/database.serv
ice' from 'post_reaction/
post_reaction.service.ts'

    Require stack:
      post_reaction/post_
reaction.service.ts
      post_reaction/post_
reaction.service.spec.ts

    [0m [90m 1 |[39m 
[36mimport[39m { 
[33mInjectable[39m } 
[36mfrom[39m [32m'@nes
tjs/common'[39m[33m;[3
9m
    [31m[1m>[22m[39m
[90m 2 |[39m 
[36mimport[39m { 
[33mDbService[39m } 
[36mfrom[39m [32m'src/
database/database.service
'[39m[33m;[39m
     [90m   |[39m 
[31m[1m^[22m[39m
     [90m 3 |[39m 
[36mimport[39m { [33mC
reateReactionDto[39m } 
[36mfrom[39m [32m'./dt
o/createReactionDto.dto'
[39m[33m;[39m
     [90m 4 |[39m 
[36mimport[39m { [33mR
esponseReactionDto[39m 
} [36mfrom[39m [32m'./
dto/responseReactionDto.d
to'[39m[33m;[39m
     [90m 5 |[39m 
[36mimport[39m { 
plainToInstance } 
[36mfrom[39m [32m'clas
s-transformer'[39m[33m;
[39m[0m

      at Resolver._throwM
odNotFoundError (../node_
modules/jest-resolve/buil
d/index.js:863:11)
      at 
Object.<anonymous> (post_
reaction/post_reaction.se
rvice.ts:2:1)
      at 
Object.<anonymous> (post_
reaction/post_reaction.se
rvice.spec.ts:2:1)

FAIL src/post_reaction/po
st_reaction.controller.sp
ec.ts
  ΓùÅ Test suite failed 
to run

    Cannot find module 's
rc/database/database.serv
ice' from 'post_reaction/
post_reaction.service.ts'

    Require stack:
      post_reaction/post_
reaction.service.ts
      post_reaction/post_
reaction.controller.ts
      post_reaction/post_
reaction.controller.spec.
ts

    [0m [90m 1 |[39m 
[36mimport[39m { 
[33mInjectable[39m } 
[36mfrom[39m [32m'@nes
tjs/common'[39m[33m;[3
9m
    [31m[1m>[22m[39m
[90m 2 |[39m 
[36mimport[39m { 
[33mDbService[39m } 
[36mfrom[39m [32m'src/
database/database.service
'[39m[33m;[39m
     [90m   |[39m 
[31m[1m^[22m[39m
     [90m 3 |[39m 
[36mimport[39m { [33mC
reateReactionDto[39m } 
[36mfrom[39m [32m'./dt
o/createReactionDto.dto'
[39m[33m;[39m
     [90m 4 |[39m 
[36mimport[39m { [33mR
esponseReactionDto[39m 
} [36mfrom[39m [32m'./
dto/responseReactionDto.d
to'[39m[33m;[39m
     [90m 5 |[39m 
[36mimport[39m { 
plainToInstance } 
[36mfrom[39m [32m'clas
s-transformer'[39m[33m;
[39m[0m

      at Resolver._throwM
odNotFoundError (../node_
modules/jest-resolve/buil
d/index.js:863:11)
      at 
Object.<anonymous> (post_
reaction/post_reaction.se
rvice.ts:2:1)
      at 
Object.<anonymous> (post_
reaction/post_reaction.co
ntroller.ts:11:1)
      at 
Object.<anonymous> (post_
reaction/post_reaction.co
ntroller.spec.ts:2:1)

FAIL src/users/users.cont
roller.spec.ts
  ΓùÅ Test suite failed 
to run

    Cannot find module 's
rc/database/database.serv
ice' from 
'users/users.service.ts'

    Require stack:
      
users/users.service.ts
      
users/users.controller.ts
      users/users.control
ler.spec.ts

    [0m [90m 4 |[39m  
 [33mNotFoundException[
39m[33m,[39m
     [90m 5 |[39m } 
[36mfrom[39m [32m'@nes
tjs/common'[39m[33m;[3
9m
    [31m[1m>[22m[39m
[90m 6 |[39m 
[36mimport[39m { 
[33mDbService[39m } 
[36mfrom[39m [32m'src/
database/database.service
'[39m[33m;[39m
     [90m   |[39m 
[31m[1m^[22m[39m
     [90m 7 |[39m 
[36mimport[39m { 
[33mCreateUserDto[39m 
} [36mfrom[39m [32m'./
dto/createUserDto.dto'[3
9m[33m;[39m
     [90m 8 |[39m 
[36mimport[39m { [33mR
esponseUserDto[39m } 
[36mfrom[39m [32m'./dt
o/responseUserDto.dto'[3
9m[33m;[39m
     [90m 9 |[39m 
[36mimport[39m 
[33m*[39m [36mas[39m 
bcrypt [36mfrom[39m [3
2m'bcrypt'[39m[33m;[39
m[0m

      at Resolver._throwM
odNotFoundError (../node_
modules/jest-resolve/buil
d/index.js:863:11)
      at 
Object.<anonymous> (users
/users.service.ts:6:1)
      at 
Object.<anonymous> (users
/users.controller.ts:11:1
)
      at 
Object.<anonymous> (users
/users.controller.spec.ts
:2:1)

FAIL src/app.controller.s
pec.ts
  ΓùÅ AppController ΓÇ║ 
root ΓÇ║ should return 
"Hello World!"

    expect(received).toBe
(expected) // Object.is 
equality

    Expected: "Hello 
World!"
    Received: "Hello, 
Welcome To Ferdus's Todo 
App!"

    [0m [90m 17 |[39m 
  describe([32m'root'[3
9m[33m,[39m () 
[33m=>[39m {
     [90m 18 |[39m     
it([32m'should return 
"Hello 
World!"'[39m[33m,[39m 
() [33m=>[39m {
    [31m[1m>[22m[39m
[90m 19 |[39m       expe
ct(appController[33m.[3
9mgetHello())[33m.[39mt
oBe([32m'Hello 
World!'[39m)[33m;[39m
     [90m    |[39m     
                         
          
[31m[1m^[22m[39m
     [90m 20 |[39m     
})[33m;[39m
     [90m 21 |[39m   
})[33m;[39m
     [90m 22 |[39m 
})[33m;[39m[0m

      at 
Object.<anonymous> (app.c
ontroller.spec.ts:19:40)

FAIL src/todos/todos.cont
roller.spec.ts
  ΓùÅ Test suite failed 
to run

    Cannot find module 's
rc/database/database.serv
ice' from 
'todos/todos.service.ts'

    Require stack:
      
todos/todos.service.ts
      
todos/todos.controller.ts
      todos/todos.control
ler.spec.ts

    [0m [90m 1 |[39m 
[36mimport[39m { [33mI
njectable[39m[33m,[39m
 [33mNotFoundException[
39m } [36mfrom[39m [32
m'@nestjs/common'[39m[3
3m;[39m
    [31m[1m>[22m[39m
[90m 2 |[39m 
[36mimport[39m { 
[33mDbService[39m } 
[36mfrom[39m [32m'src/
database/database.service
'[39m[33m;[39m
     [90m   |[39m 
[31m[1m^[22m[39m
     [90m 3 |[39m 
[36mimport[39m { [33mR
esponseTodoDto[39m } 
[36mfrom[39m [32m'./dt
o/responseTodoDto.dto'[3
9m[33m;[39m
     [90m 4 |[39m 
[36mimport[39m { 
[33mCreateTodoDto[39m 
} [36mfrom[39m [32m'./
dto/createTodoDto.dto'[3
9m[33m;[39m
     [90m 5 |[39m 
[36mimport[39m { 
[33mUpdateTodoDto[39m 
} [36mfrom[39m [32m'./
dto/updateTodoDto.dto'[3
9m[33m;[39m[0m

      at Resolver._throwM
odNotFoundError (../node_
modules/jest-resolve/buil
d/index.js:863:11)
      at 
Object.<anonymous> (todos
/todos.service.ts:2:1)
      at 
Object.<anonymous> (todos
/todos.controller.ts:15:1
)
      at 
Object.<anonymous> (todos
/todos.controller.spec.ts
:2:1)

FAIL src/auth/auth.servic
e.spec.ts
  ΓùÅ Test suite failed 
to run

    Cannot find module 's
rc/users/users.service' 
from 
'auth/auth.service.ts'

    Require stack:
      
auth/auth.service.ts
      
auth/auth.service.spec.ts

    [0m [90m  9 |[39m 
[36mimport[39m 
[33m*[39m [36mas[39m 
bcrypt [36mfrom[39m [3
2m'bcrypt'[39m[33m;[39
m
     [90m 10 |[39m 
[36mimport[39m { 
[33mCreateUserDto[39m 
} [36mfrom[39m [32m'sr
c/users/dto/createUserDto
.dto'[39m[33m;[39m
    [31m[1m>[22m[39m
[90m 11 |[39m 
[36mimport[39m { 
[33mUsersService[39m } 
[36mfrom[39m [32m'src/
users/users.service'[39m
[33m;[39m
     [90m    |[39m 
[31m[1m^[22m[39m
     [90m 12 |[39m 
[36mimport[39m { 
[33mLoginUserDto[39m } 
[36mfrom[39m [32m'./dt
o/loginUserDto.dto'[39m
[33m;[39m
     [90m 13 |[39m 
[36mimport[39m { 
plainToInstance } 
[36mfrom[39m [32m'clas
s-transformer'[39m[33m;
[39m
     [90m 14 |[39m 
[36mimport[39m { [33mR
esponseUserDto[39m } 
[36mfrom[39m [32m'src/
users/dto/responseUserDto
.dto'[39m[33m;[39m[0m

      at Resolver._throwM
odNotFoundError (../node_
modules/jest-resolve/buil
d/index.js:863:11)
      at 
Object.<anonymous> (auth/
auth.service.ts:11:1)
      at 
Object.<anonymous> (auth/
auth.service.spec.ts:2:1)

FAIL src/auth/auth.contro
ller.spec.ts
  ΓùÅ Test suite failed 
to run

    Cannot find module 's
rc/users/users.service' 
from 
'auth/auth.service.ts'

    Require stack:
      
auth/auth.service.ts
      
auth/auth.controller.ts
      auth/auth.controlle
r.spec.ts

    [0m [90m  9 |[39m 
[36mimport[39m 
[33m*[39m [36mas[39m 
bcrypt [36mfrom[39m [3
2m'bcrypt'[39m[33m;[39
m
     [90m 10 |[39m 
[36mimport[39m { 
[33mCreateUserDto[39m 
} [36mfrom[39m [32m'sr
c/users/dto/createUserDto
.dto'[39m[33m;[39m
    [31m[1m>[22m[39m
[90m 11 |[39m 
[36mimport[39m { 
[33mUsersService[39m } 
[36mfrom[39m [32m'src/
users/users.service'[39m
[33m;[39m
     [90m    |[39m 
[31m[1m^[22m[39m
     [90m 12 |[39m 
[36mimport[39m { 
[33mLoginUserDto[39m } 
[36mfrom[39m [32m'./dt
o/loginUserDto.dto'[39m
[33m;[39m
     [90m 13 |[39m 
[36mimport[39m { 
plainToInstance } 
[36mfrom[39m [32m'clas
s-transformer'[39m[33m;
[39m
     [90m 14 |[39m 
[36mimport[39m { [33mR
esponseUserDto[39m } 
[36mfrom[39m [32m'src/
users/dto/responseUserDto
.dto'[39m[33m;[39m[0m

      at Resolver._throwM
odNotFoundError (../node_
modules/jest-resolve/buil
d/index.js:863:11)
      at 
Object.<anonymous> (auth/
auth.service.ts:11:1)
      at 
Object.<anonymous> (auth/
auth.controller.ts:10:1)
      at 
Object.<anonymous> (auth/
auth.controller.spec.ts:2
:1)

Test Suites: 9 failed, 9 
total
Tests:       1 failed, 1 
total
Snapshots:   0 total
Time:        1.97 s, 
estimated 10 s
Ran all test suites.
